/usr/local/lib/python3.12/dist-packages/torch/nn/modules/transformer.py:392: UserWarning: enable_nested_tensor is True, but self.use_nested_tensor is False because encoder_layer.norm_first was True
  warnings.warn(
{"event": "init", "encoder_mode": "slot_delta", "state_dim": 1024, "ckpt": "/workspace/phase4b_run1/seed_0/runs/seed=0_mode=slot_delta_K=5_nt=3_nd=5/final.pt"}
/workspace/bla/scripts/slot_jepa_phase3b_bc.py:266: UserWarning: Converting a tensor with requires_grad=True to a scalar may lead to unexpected behavior.
Consider using tensor.detach() first. (Triggered internally at /pytorch/torch/csrc/autograd/generated/python_variable_methods.cpp:835.)
  "loss": round(float(loss), 4) if len(buffer) >= args.policy_batch else None,
{"event": "bc", "ep": 20, "expert_mix": 0.962, "buffer_size": 3352, "loss": 1.5475, "elapsed_s": 2.4}
{"event": "bc", "ep": 40, "expert_mix": 0.922, "buffer_size": 7008, "loss": 1.6525, "elapsed_s": 4.5}
{"event": "bc", "ep": 60, "expert_mix": 0.882, "buffer_size": 10776, "loss": 1.5336, "elapsed_s": 6.7}
{"event": "bc", "ep": 80, "expert_mix": 0.842, "buffer_size": 14520, "loss": 1.561, "elapsed_s": 8.8}
{"event": "bc", "ep": 100, "expert_mix": 0.802, "buffer_size": 18360, "loss": 1.5961, "elapsed_s": 11.0}
{"event": "bc", "ep": 120, "expert_mix": 0.762, "buffer_size": 22152, "loss": 1.7746, "elapsed_s": 13.2}
{"event": "bc", "ep": 140, "expert_mix": 0.721, "buffer_size": 25944, "loss": 1.715, "elapsed_s": 15.4}
{"event": "bc", "ep": 160, "expert_mix": 0.681, "buffer_size": 29784, "loss": 1.6058, "elapsed_s": 17.7}
{"event": "bc", "ep": 180, "expert_mix": 0.641, "buffer_size": 33624, "loss": 1.6754, "elapsed_s": 20.0}
{"event": "bc", "ep": 200, "expert_mix": 0.601, "buffer_size": 37464, "loss": 1.7455, "elapsed_s": 22.3}
{"event": "bc", "ep": 220, "expert_mix": 0.561, "buffer_size": 41304, "loss": 1.9445, "elapsed_s": 24.5}
{"event": "bc", "ep": 240, "expert_mix": 0.521, "buffer_size": 45144, "loss": 1.874, "elapsed_s": 26.7}
{"event": "bc", "ep": 260, "expert_mix": 0.481, "buffer_size": 48984, "loss": 2.0545, "elapsed_s": 29.0}
{"event": "bc", "ep": 280, "expert_mix": 0.441, "buffer_size": 50000, "loss": 1.9441, "elapsed_s": 31.2}
{"event": "bc", "ep": 300, "expert_mix": 0.401, "buffer_size": 50000, "loss": 1.9681, "elapsed_s": 33.4}
{"event": "bc", "ep": 320, "expert_mix": 0.361, "buffer_size": 50000, "loss": 2.0445, "elapsed_s": 35.6}
{"event": "bc", "ep": 340, "expert_mix": 0.321, "buffer_size": 50000, "loss": 2.2939, "elapsed_s": 37.8}
{"event": "bc", "ep": 360, "expert_mix": 0.281, "buffer_size": 50000, "loss": 2.0906, "elapsed_s": 40.0}
{"event": "bc", "ep": 380, "expert_mix": 0.24, "buffer_size": 50000, "loss": 2.0913, "elapsed_s": 42.2}
{"event": "bc", "ep": 400, "expert_mix": 0.2, "buffer_size": 50000, "loss": 1.9948, "elapsed_s": 44.4}
{"event": "bc", "ep": 420, "expert_mix": 0.16, "buffer_size": 50000, "loss": 2.3822, "elapsed_s": 46.6}
{"event": "bc", "ep": 440, "expert_mix": 0.12, "buffer_size": 50000, "loss": 2.0959, "elapsed_s": 48.8}
{"event": "bc", "ep": 460, "expert_mix": 0.08, "buffer_size": 50000, "loss": 2.5082, "elapsed_s": 51.0}
{"event": "bc", "ep": 480, "expert_mix": 0.04, "buffer_size": 50000, "loss": 2.3816, "elapsed_s": 53.2}
{"event": "bc", "ep": 500, "expert_mix": 0.0, "buffer_size": 50000, "loss": 2.0921, "elapsed_s": 55.4}
{"event": "eval", "J": 20, "success_rate": 0.0, "n_episodes": 128, "n_success": 0}
{"event": "eval", "J": 40, "success_rate": 0.0, "n_episodes": 128, "n_success": 0}
{"event": "eval", "J": 80, "success_rate": 0.0, "n_episodes": 128, "n_success": 0}
{
  "event": "done",
  "encoder_mode": "slot_delta",
  "elapsed_s": 59.8,
  "results": [
    {
      "J": 20,
      "success_rate": 0.0,
      "n_episodes": 128,
      "n_success": 0
    },
    {
      "J": 40,
      "success_rate": 0.0,
      "n_episodes": 128,
      "n_success": 0
    },
    {
      "J": 80,
      "success_rate": 0.0,
      "n_episodes": 128,
      "n_success": 0
    }
  ]
}
