W0509 14:37:09.569000 13044 torch/distributed/run.py:774] 
W0509 14:37:09.569000 13044 torch/distributed/run.py:774] *****************************************
W0509 14:37:09.569000 13044 torch/distributed/run.py:774] Setting OMP_NUM_THREADS environment variable for each process to be 1 in default, to avoid your system being overloaded, please further tune the variable for optimal performance in your application as needed. 
W0509 14:37:09.569000 13044 torch/distributed/run.py:774] *****************************************
/usr/local/lib/python3.12/dist-packages/torch/nn/modules/transformer.py:392: UserWarning: enable_nested_tensor is True, but self.use_nested_tensor is False because encoder_layer.norm_first was True
  warnings.warn(
/usr/local/lib/python3.12/dist-packages/torch/nn/modules/transformer.py:392: UserWarning: enable_nested_tensor is True, but self.use_nested_tensor is False because encoder_layer.norm_first was True
  warnings.warn(
{"event": "init", "world_size": 2, "n_params": 48127488, "config": {"steps": 4000, "batch_size": 512, "d": 512, "patch_size": 4, "encoder_depth": 6, "encoder_heads": 8, "predictor_depth": 3, "predictor_heads": 8, "target_ratio": 0.75, "sigreg_weight": 0.5, "lr": 0.0015, "warmup": 500, "weight_decay": 0.05, "grad_clip": 1.0, "ema_tau": 0.996, "data": "cifar10", "action_mode": "zero", "image_size": 32, "output": "runs/sweep_A_action0_m075_d512", "ckpt_every": 4000, "probe_every": 500, "log_every": 100, "seed": 0, "amp": true, "resume": null}}
/usr/local/lib/python3.12/dist-packages/torch/distributed/distributed_c10d.py:4807: UserWarning: No device id is provided via `init_process_group` or `barrier `. Using the current device set by the user. 
  warnings.warn(  # warn only once
/usr/local/lib/python3.12/dist-packages/torch/distributed/distributed_c10d.py:4807: UserWarning: No device id is provided via `init_process_group` or `barrier `. Using the current device set by the user. 
  warnings.warn(  # warn only once
{"event": "loaders_ready", "world": 2}
{"step": 100, "loss": 398.93945556640625, "prediction": 0.6311371156573296, "sigreg": 796.6166339111328, "lr": 0.0003, "imgs_per_sec": 14789.1, "elapsed_s": 6.9}
{"step": 200, "loss": 393.15198822021483, "prediction": 0.7469394731521607, "sigreg": 784.8100964355468, "lr": 0.0006, "imgs_per_sec": 15328.6, "elapsed_s": 13.4}
{"step": 300, "loss": 402.9370315551758, "prediction": 0.8440202933549881, "sigreg": 804.186021118164, "lr": 0.0009, "imgs_per_sec": 15508.9, "elapsed_s": 19.8}
{"step": 400, "loss": 401.8815539550781, "prediction": 0.8418187654018402, "sigreg": 802.0794702148437, "lr": 0.0012, "imgs_per_sec": 15556.4, "elapsed_s": 26.3}
{"step": 500, "loss": 401.8642767333984, "prediction": 0.9352997988462448, "sigreg": 801.857953491211, "lr": 0.0015, "imgs_per_sec": 15619.8, "elapsed_s": 32.8}
{"event": "probe", "step": 500, "probe_accuracy": 0.31421875, "probe_eval_seen": 6400}
{"step": 600, "loss": 400.5877575683594, "prediction": 1.0181570065021515, "sigreg": 799.13919921875, "lr": 0.0014970407646155298, "imgs_per_sec": 15187.3, "elapsed_s": 40.5}
{"step": 700, "loss": 357.8094158935547, "prediction": 1.2277975279092788, "sigreg": 713.1632376098632, "lr": 0.0014880670983779582, "imgs_per_sec": 15286.3, "elapsed_s": 46.9}
{"step": 800, "loss": 391.2425836181641, "prediction": 1.259502130150795, "sigreg": 779.9661633300781, "lr": 0.0014731509498406735, "imgs_per_sec": 15335.8, "elapsed_s": 53.4}
{"step": 900, "loss": 400.97577575683596, "prediction": 1.2890065968036652, "sigreg": 799.3735369873046, "lr": 0.0014524124150611442, "imgs_per_sec": 15398.4, "elapsed_s": 59.9}
{"step": 1000, "loss": 405.8553695678711, "prediction": 1.5141067618131638, "sigreg": 808.682529296875, "lr": 0.0014260184685273545, "imgs_per_sec": 15443.1, "elapsed_s": 66.3}
{"event": "probe", "step": 1000, "probe_accuracy": 0.3028125, "probe_eval_seen": 6400}
{"step": 1100, "loss": 396.1420523071289, "prediction": 1.3785953676700593, "sigreg": 789.5269134521484, "lr": 0.001394181618777405, "imgs_per_sec": 15236.7, "elapsed_s": 73.9}
{"step": 1200, "loss": 393.61882415771487, "prediction": 0.8606919139623642, "sigreg": 785.5162634277344, "lr": 0.0013571581974057177, "imgs_per_sec": 15290.6, "elapsed_s": 80.4}
{"step": 1300, "loss": 394.083525390625, "prediction": 0.789763899743557, "sigreg": 786.587523803711, "lr": 0.0013152462952317583, "imgs_per_sec": 15320.6, "elapsed_s": 86.9}
{"step": 1400, "loss": 392.764538269043, "prediction": 0.7690232652425766, "sigreg": 783.9910302734374, "lr": 0.0012687833622480325, "imgs_per_sec": 15360.8, "elapsed_s": 93.3}
{"step": 1500, "loss": 392.29213348388674, "prediction": 0.5849865594506264, "sigreg": 783.4142938232421, "lr": 0.0012181434906711622, "imgs_per_sec": 15396.8, "elapsed_s": 99.8}
{"event": "probe", "step": 1500, "probe_accuracy": 0.29640625, "probe_eval_seen": 6400}
{"step": 1600, "loss": 391.4060296630859, "prediction": 0.7863423311710358, "sigreg": 781.2393731689453, "lr": 0.0011637344029713228, "imgs_per_sec": 15260.3, "elapsed_s": 107.4}
{"step": 1700, "loss": 391.9454415893555, "prediction": 0.5496804842352867, "sigreg": 782.7915216064453, "lr": 0.0011059941691306478, "imgs_per_sec": 15294.9, "elapsed_s": 113.8}
{"step": 1800, "loss": 391.6365335083008, "prediction": 0.6173776283860206, "sigreg": 782.0383135986328, "lr": 0.0010453876795613142, "imgs_per_sec": 15313.4, "elapsed_s": 120.4}
{"step": 1900, "loss": 391.0708010864258, "prediction": 0.5654563787579536, "sigreg": 781.0106903076172, "lr": 0.0009824029020812962, "imgs_per_sec": 15342.1, "elapsed_s": 126.8}
{"step": 2000, "loss": 391.4034057617188, "prediction": 0.5093956595659256, "sigreg": 781.7880163574218, "lr": 0.0009175469530844129, "imgs_per_sec": 15368.8, "elapsed_s": 133.3}
{"event": "probe", "step": 2000, "probe_accuracy": 0.29546875, "probe_eval_seen": 6400}
{"step": 2100, "loss": 393.3774771118164, "prediction": 0.5878255870938301, "sigreg": 785.5793017578125, "lr": 0.000851342014537307, "imgs_per_sec": 15262.4, "elapsed_s": 140.9}
{"step": 2200, "loss": 391.84431640625, "prediction": 0.4616843229532242, "sigreg": 782.7652642822266, "lr": 0.0007843211296772862, "imgs_per_sec": 15281.0, "elapsed_s": 147.4}
{"step": 2300, "loss": 387.98796447753904, "prediction": 0.4649457663297653, "sigreg": 775.0460363769531, "lr": 0.0007170239112616015, "imgs_per_sec": 15306.0, "elapsed_s": 153.9}
{"step": 2400, "loss": 391.8369351196289, "prediction": 0.45480827808380125, "sigreg": 782.7642498779297, "lr": 0.0006499921969228119, "imgs_per_sec": 15330.0, "elapsed_s": 160.3}
{"step": 2500, "loss": 389.590771484375, "prediction": 0.43579279601573945, "sigreg": 778.3099603271485, "lr": 0.0005837656866107641, "imgs_per_sec": 15352.3, "elapsed_s": 166.8}
{"event": "probe", "step": 2500, "probe_accuracy": 0.28890625, "probe_eval_seen": 6400}
{"step": 2600, "loss": 390.59922576904296, "prediction": 0.41877841740846633, "sigreg": 780.3608953857422, "lr": 0.000518877597245933, "imgs_per_sec": 15269.6, "elapsed_s": 174.4}
{"step": 2700, "loss": 390.85179595947267, "prediction": 0.436360579431057, "sigreg": 780.8308715820312, "lr": 0.0004558503695703056, "imgs_per_sec": 15284.9, "elapsed_s": 180.9}
{"step": 2800, "loss": 388.9234469604492, "prediction": 0.4182643377780914, "sigreg": 777.0103649902344, "lr": 0.0003951914617617164, "imgs_per_sec": 15306.2, "elapsed_s": 187.3}
{"step": 2900, "loss": 389.0942938232422, "prediction": 0.42271383106708527, "sigreg": 777.3431591796875, "lr": 0.0003373892636789797, "imgs_per_sec": 15326.6, "elapsed_s": 193.8}
{"step": 3000, "loss": 389.62781494140626, "prediction": 0.4236881947517395, "sigreg": 778.4082543945312, "lr": 0.00028290916463391574, "imgs_per_sec": 15345.5, "elapsed_s": 200.2}
{"event": "probe", "step": 3000, "probe_accuracy": 0.29421875, "probe_eval_seen": 6400}
{"step": 3100, "loss": 390.0294802856445, "prediction": 0.4023308804631233, "sigreg": 779.2542932128906, "lr": 0.00023218980635025585, "imgs_per_sec": 15276.1, "elapsed_s": 207.8}
{"step": 3200, "loss": 390.658408203125, "prediction": 0.41544045209884645, "sigreg": 780.4859375, "lr": 0.0001856395512784005, "imgs_per_sec": 15289.0, "elapsed_s": 214.3}
{"step": 3300, "loss": 388.0288165283203, "prediction": 0.44236572563648224, "sigreg": 775.1728997802734, "lr": 0.00014363319470108137, "imgs_per_sec": 15305.7, "elapsed_s": 220.8}
{"step": 3400, "loss": 391.032756652832, "prediction": 0.4179044476151466, "sigreg": 781.229702758789, "lr": 0.00010650894710212145, "imgs_per_sec": 15322.0, "elapsed_s": 227.2}
{"step": 3500, "loss": 389.69348876953126, "prediction": 0.4183218416571617, "sigreg": 778.5503381347656, "lr": 7.456571109448343e-05, "imgs_per_sec": 15337.5, "elapsed_s": 233.7}
{"event": "probe", "step": 3500, "probe_accuracy": 0.29953125, "probe_eval_seen": 6400}
{"step": 3600, "loss": 387.31705352783206, "prediction": 0.41905693292617796, "sigreg": 773.7959948730469, "lr": 4.806067483218216e-05, "imgs_per_sec": 15271.9, "elapsed_s": 241.4}
{"step": 3700, "loss": 389.8614810180664, "prediction": 0.40729679346084596, "sigreg": 778.9083721923828, "lr": 2.7207241282492716e-05, "imgs_per_sec": 15288.4, "elapsed_s": 247.8}
{"step": 3800, "loss": 388.90660705566404, "prediction": 0.40785129487514493, "sigreg": 776.9975109863282, "lr": 1.2173310030737045e-05, "imgs_per_sec": 15303.5, "elapsed_s": 254.3}
{"step": 3900, "loss": 388.5259927368164, "prediction": 0.4106819021701813, "sigreg": 776.2306188964844, "lr": 3.0799254515456176e-06, "imgs_per_sec": 15318.7, "elapsed_s": 260.7}
{"step": 4000, "loss": 391.44187133789063, "prediction": 0.4082934761047363, "sigreg": 782.0671533203125, "lr": 3.0213072668705543e-10, "imgs_per_sec": 15332.9, "elapsed_s": 267.1}
{"event": "probe", "step": 4000, "probe_accuracy": 0.299375, "probe_eval_seen": 6400}
{"event": "checkpoint", "step": 4000, "path": "runs/sweep_A_action0_m075_d512/ckpt_step00004000.pt"}
{"event": "final", "path": "runs/sweep_A_action0_m075_d512/final.pt", "elapsed_s": 268.5}
